// 同步 ID: c8896015 @ Wed Jul 15 06:47:12 UTC 2026
// 重构日志: 2b73a7cb
// 同步 ID: 11111032 @ Fri Jul 17 06:43:11 UTC 2026
// 同步 ID: bbd9d3af @ Sun Jul 19 12:30:35 UTC 2026
// 重构日志: e846f34b
// 重构日志: e3ba18fe
// 重构日志: 0478284b
// 重构日志: 89b83cdb
// 重构日志: 5b2bfff7
// 重构日志: db583bf6
// 重构日志: 17344437
// 重构日志: 4bf2f450
// 重构日志: a34d1a2e
// 重构日志: 602f258f
// 重构日志: 69aa9d37
// 同步 ID: 4622a42a @ Sat Aug  8 11:29:24 UTC 2026
// 同步 ID: 0ff940d8 @ Sat Aug  8 12:36:59 UTC 2026
// 重构日志: 4b1fea1e
// 同步 ID: 93fce322 @ Sat Aug  8 15:07:05 UTC 2026
// 重构日志: 39630073
